#max_provinces = 1466
definitions = "definition.csv"
provinces = "provinces.png"
#positions = "positions.txt"
rivers = "rivers.png"
#terrain_definition = "terrain.txt"
topology = "heightmap.heightmap"
#tree_definition = "trees.bmp"
continent = "continent.txt"
adjacencies = "adjacencies.csv"
#climate = "climate.txt"
island_region = "island_region.txt"
seasons = "seasons.txt"

#############
# SEA ZONES
#############
# European Seas
sea_zones = RANGE { 349 356 }
sea_zones = RANGE { 358 360 }
sea_zones = RANGE { 362 363 }
sea_zones = RANGE { 379 384 }
sea_zones = RANGE { 386 396 }
sea_zones = RANGE { 404 411 }
sea_zones = RANGE { 418 425 }
sea_zones = RANGE { 512 518 }
sea_zones = RANGE { 520 529 }
sea_zones = RANGE { 530 530 }
sea_zones = RANGE { 533 538 }
sea_zones = RANGE { 539 541 }
sea_zones = LIST { 542 }
sea_zones = RANGE { 545 546 }
sea_zones = RANGE { 548 555 }
sea_zones = RANGE { 556 565 }
sea_zones = RANGE { 567 570 }
sea_zones = RANGE { 571 577 }
sea_zones = RANGE { 579 590 }
sea_zones = RANGE { 647 649 }
sea_zones = RANGE { 2444 2445 }

#North European Seas
sea_zones = RANGE { 5444 5444 }
sea_zones = RANGE { 5445 5449 }

#Mediterranean Seas
sea_zones = RANGE { 5453 5475 }
sea_zones = RANGE { 5476 5480 }
sea_zones = RANGE { 5481 5493 }
sea_zones = LIST { 5525 }

#Black, Azov, Caspian & Aral Seas
sea_zones = RANGE { 5494 5499 }

#Middle Eastern Seas
sea_zones = LIST { 5500 }
sea_zones = RANGE { 5501 5502 }
sea_zones = RANGE { 5503 5504 }
sea_zones = RANGE { 5505 5506 }

#Indian Seas
sea_zones = RANGE { 683 697 }
sea_zones = RANGE { 698 698 }

#African Seas

sea_zones = LIST { 609 611 }

# Non-accessible sea zones
sea_zones = LIST { 519 }
sea_zones = LIST { 5450 5451 5452 }

###############
# MAJOR RIVERS
###############
#European rivers
river_provinces = RANGE { 345 347 }
river_provinces = RANGE { 599 608 }
river_provinces = RANGE { 617 622 }
river_provinces = RANGE { 632 644 }
river_provinces = RANGE { 2438 2443 }
river_provinces = RANGE { 2446 2467 }
river_provinces = RANGE { 2468 2469 }

#Russian rivers
river_provinces = RANGE { 5423 5424 }
river_provinces = RANGE { 5425 5429 }
river_provinces = RANGE { 5437 5439 }
river_provinces = RANGE { 5435 5436 }
river_provinces = RANGE { 5431 5433 }

#Indian rivers
river_provinces = RANGE { 658 660 }
river_provinces = RANGE { 5440 5441 }
river_provinces = RANGE { 5442 5443 }

#African rivers
river_provinces = RANGE { 4743 4746 }
river_provinces = RANGE { 4843 4845 }

river_provinces = LIST { 343 385 610 612 613 614 623 624 625 627 628 629 723 4346 4842 }
river_provinces = LIST { 5422 5430 5434 }

########
# LAKES
########
lakes = LIST { 544 547 578 616 626 630 645 646 722 5523 5524 }
lakes = RANGE { 531 532 }
lakes = RANGE { 711 720 }
lakes = RANGE { 725 726 }
lakes = LIST { 5274 }
lakes = RANGE { 5419 5420 }

#####################
# IMPASSABLE TERRAIN
#####################
# Can be colored by whoever owns the most of the province's neighbours.
# Blocks unit movement.

#Africa
impassable_mountains = LIST { 597 598 615 626 630 631 2478 }
impassable_mountains = RANGE { 486 503 }
impassable_mountains = LIST { 667 }
impassable_mountains = RANGE { 5173 5177 }
impassable_mountains = RANGE { 5179 5184 }
impassable_mountains = RANGE { 5187 5187 }
impassable_mountains = RANGE { 5133 5143 }
impassable_mountains = RANGE { 5414 5418 }

#Anatolia
impassable_mountains = RANGE { 4506 4509 }

#Armenia & Georgia
impassable_mountains = RANGE { 4616 4618 }

#Balkans
impassable_mountains = RANGE { 591 596 }
impassable_mountains = RANGE { 2479 2483 }

#Bjarmaland

#Bohemia, France, Germany, Italy
impassable_mountains = RANGE { 459 485 }

#Burma

#Carpathia
impassable_mountains = LIST { 357 504 3849 }
impassable_mountains = RANGE { 412 417 }
impassable_mountains = RANGE { 428 429 }
impassable_mountains = RANGE { 2955 2958 }

#Caucasus
impassable_mountains = LIST { 4349 5421 }
impassable_mountains = LIST { 699 700 701 705 }

#Iberia
impassable_mountains = LIST { 361 }
impassable_mountains = RANGE { 2484 2490 }

#Indian ghats

#Kazakh Steppe
impassable_mountains = LIST { 5355 5356 5508 }

#Mongolia, Tarim & Dzungaria

#Persia
impassable_mountains = RANGE { 2475 2477 }
impassable_mountains = LIST { 706 710 721 }
impassable_mountains = LIST { 1803 1824 1890 1891 1925 1940 1956 1975 2102 }
impassable_mountains = LIST { 2105 2129 2150 2151 2165 2195 2217 2223 2232 2243 2247 }
impassable_mountains = LIST { 2250 2252 2257 }

#Russia

#Scandinavia & Finland & Iceland
impassable_mountains = RANGE { 2474 2474 }

#Siberia & Tartaria

#Tarim Basin

#Tartaria Mountains
impassable_mountains = LIST { 430 }

#Turkestan
impassable_mountains = LIST { 724 5275 }

#Western Europe
impassable_mountains = RANGE { 2470 2471 }
impassable_mountains = RANGE { 2491 2497 }
impassable_mountains = LIST { 1709 2473 }

############
# WASTELAND
############
# These are actually supposed to be Wasteland:
# Cannot be colored. Blocks unit movement, used for things like Sahara desert. 

impassable_mountains = LIST { 426 427 }
impassable_mountains = LIST { 707 }
impassable_mountains = LIST { 4347 4348 }
impassable_mountains = LIST { 4576 }
impassable_mountains = LIST { 645 646 655 4831 }
impassable_mountains = LIST { 4832 }
impassable_mountains = LIST { 662 663 4840 }
impassable_mountains = LIST { 670 671 676 681 682 4841 }
impassable_mountains = LIST { 664 665 666 668 4884 4890 4919 4973 5035 5036 5037 }
impassable_mountains = LIST { 4859 4994 5040 5041 5042 5043 5044 5045 }
impassable_mountains = LIST { 5276 5277 5278 }
impassable_mountains = LIST { 725 }

# IMPASSABLE SEA ZONES
# These sea provinces cannot be crossed/sailed
impassable_seas = LIST { 543 708 709 5507 }

# UNUSED PROVINCES
# These provinces cause issues because they are passable land, but not part of any title.
# They are probably not visible anywhere on the map, so feel free to reuse them (after double checking that they are actually missing).

impassable_mountains = RANGE { 5568 5758 }
impassable_mountains = LIST { 2437 }
impassable_mountains = LIST { 5510 }
impassable_mountains = LIST { 2 1 }
